Renesas Optimizing Linker (V2.06.00 )             18-Sep-2018 11:13:28

*** Options ***

-subcommand=DefaultBuild\freerots.clnk
-input=DefaultBuild\boot.obj
-input=DefaultBuild\cstart.obj
-input=DefaultBuild\croutine.obj
-input=DefaultBuild\event_groups.obj
-input=DefaultBuild\list.obj
-input=DefaultBuild\queue.obj
-input=DefaultBuild\tasks.obj
-input=DefaultBuild\timers.obj
-input=DefaultBuild\port.obj
-input=DefaultBuild\ostm0.obj
-input=DefaultBuild\r_clock.obj
-input=DefaultBuild\Kit1.obj
-input=DefaultBuild\r_interrupt.obj
-input=DefaultBuild\BspTimer.obj
-input=DefaultBuild\stream_buffer.obj
-input=DefaultBuild\main.obj
-debug
-nocompress
-output=DefaultBuild\freerots.abs
-library=v850e3v5\rhs8n.lib
-library=v850e3v5\libmalloc.lib
-list=DefaultBuild\freerots.map
-start=RESET,EIINTTBL/0,.const,.INIT_DSEC.const,.INIT_BSEC.const,.text,.data/00008000,.data.R,.bss,.stack.bss/FEDFC000
-rom=.data=.data.R
-memory=high
-nologo
-end

*** Error information ***

E0562310:Undefined external symbol "_xAreGenericQueueTasksStillRunning" referenced in "DefaultBuild\main.obj"
E0562310:Undefined external symbol "_xIsCreateTaskStillRunning" referenced in "DefaultBuild\main.obj"
E0562310:Undefined external symbol "_vPortFree" referenced in "DefaultBuild\event_groups.obj"
E0562310:Undefined external symbol "_vPortFree" referenced in "DefaultBuild\queue.obj"
E0562310:Undefined external symbol "_vPortFree" referenced in "DefaultBuild\tasks.obj"
E0562310:Undefined external symbol "_vPortFree" referenced in "DefaultBuild\timers.obj"
E0562310:Undefined external symbol "_vPortFree" referenced in "DefaultBuild\stream_buffer.obj"
E0562310:Undefined external symbol "_vParTestInitialise" referenced in "DefaultBuild\main.obj"
E0562310:Undefined external symbol "_vRegTest1" referenced in "DefaultBuild\main.obj"
E0562310:Undefined external symbol "_vRegTest2" referenced in "DefaultBuild\main.obj"
E0562310:Undefined external symbol "_vParTestToggleLED" referenced in "DefaultBuild\main.obj"
E0562310:Undefined external symbol "_vStartQueuePeekTasks" referenced in "DefaultBuild\main.obj"
E0562310:Undefined external symbol "_xAreSemaphoreTasksStillRunning" referenced in "DefaultBuild\main.obj"
E0562310:Undefined external symbol "_vStartSemaphoreTasks" referenced in "DefaultBuild\main.obj"
E0562310:Undefined external symbol "_xAreQueuePeekTasksStillRunning" referenced in "DefaultBuild\main.obj"
E0562310:Undefined external symbol "_pvPortMalloc" referenced in "DefaultBuild\event_groups.obj"
E0562310:Undefined external symbol "_pvPortMalloc" referenced in "DefaultBuild\queue.obj"
E0562310:Undefined external symbol "_pvPortMalloc" referenced in "DefaultBuild\tasks.obj"
E0562310:Undefined external symbol "_pvPortMalloc" referenced in "DefaultBuild\timers.obj"
E0562310:Undefined external symbol "_pvPortMalloc" referenced in "DefaultBuild\stream_buffer.obj"
E0562310:Undefined external symbol "_vCreateSuicidalTasks" referenced in "DefaultBuild\main.obj"
E0562310:Undefined external symbol "_vApplicationGetIdleTaskMemory" referenced in "DefaultBuild\tasks.obj"
E0562310:Undefined external symbol "_vApplicationGetTimerTaskMemory" referenced in "DefaultBuild\timers.obj"
E0562310:Undefined external symbol "_vStartGenericQueueTasks" referenced in "DefaultBuild\main.obj"
