Renesas Optimizing Linker (V2.06.00 )             19-Sep-2018 13:52:01

*** Options ***

-subcommand=DefaultBuild\freerots.clnk
-input=DefaultBuild\boot.obj
-input=DefaultBuild\cstart.obj
-input=DefaultBuild\croutine.obj
-input=DefaultBuild\event_groups.obj
-input=DefaultBuild\list.obj
-input=DefaultBuild\queue.obj
-input=DefaultBuild\tasks.obj
-input=DefaultBuild\timers.obj
-input=DefaultBuild\port.obj
-input=DefaultBuild\ostm0.obj
-input=DefaultBuild\r_clock.obj
-input=DefaultBuild\Kit1.obj
-input=DefaultBuild\r_interrupt.obj
-input=DefaultBuild\BspTimer.obj
-input=DefaultBuild\stream_buffer.obj
-input=DefaultBuild\main.obj
-debug
-nocompress
-output=DefaultBuild\freerots.abs
-library=v850e3v5\rhs8n.lib
-library=v850e3v5\libmalloc.lib
-list=DefaultBuild\freerots.map
-start=RESET,EIINTTBL/0,.const,.INIT_DSEC.const,.INIT_BSEC.const,.text,.data/00008000,.data.R,.bss,.stack.bss/FEDFC000
-rom=.data=.data.R
-memory=high
-nologo
-end

*** Error information ***

*** Mapping List ***

SECTION                            START      END         SIZE   ALIGN

RESET
                                  00000000  000001f7       1f8   200
EIINTTBL
                                  00000200  0000067f       480   200
.const
                                  00008000  00008023        24   4
.INIT_DSEC.const
                                  00008024  0000802f         c   4
.INIT_BSEC.const
                                  00008030  00008037         8   4
.text
                                  00008038  0000bea5      3e6e   2
.data
                                  0000bea8  0000beff        58   4
.data.R
                                  fedfc000  fedfc057        58   4
.bss
                                  fedfc058  fedfcb63       b0c   4
.stack.bss
                                  fedfcb64  fedfcd63       200   4
