Renesas Optimizing Linker (V2.06.00 )             19-Sep-2018 22:18:39

*** Options ***

-subcommand=DefaultBuild\test.clnk
-input=DefaultBuild\boot.obj
-input=DefaultBuild\cstart.obj
-input=DefaultBuild\croutine.obj
-input=DefaultBuild\event_groups.obj
-input=DefaultBuild\list.obj
-input=DefaultBuild\queue.obj
-input=DefaultBuild\tasks.obj
-input=DefaultBuild\timers.obj
-input=DefaultBuild\port.obj
-input=DefaultBuild\ostm0.obj
-input=DefaultBuild\r_clock.obj
-input=DefaultBuild\Kit1.obj
-input=DefaultBuild\r_interrupt.obj
-input=DefaultBuild\BspTimer.obj
-input=DefaultBuild\stream_buffer.obj
-input=DefaultBuild\main.obj
-input=DefaultBuild\heap_2.obj
-input=DefaultBuild\AbortDelay.obj
-input=DefaultBuild\death.obj
-input=DefaultBuild\flop.obj
-input=DefaultBuild\integer.obj
-input=DefaultBuild\semtest.obj
-input=DefaultBuild\GenQTest.obj
-input=DefaultBuild\QPeek.obj
-input=DefaultBuild\ParTest_Generic_Target_Board.obj
-input=DefaultBuild\comtest.obj
-input=DefaultBuild\serial.obj
-input=DefaultBuild\flash.obj
-debug
-nocompress
-output=DefaultBuild\test.abs
-library=v850e3v5\rhs8n.lib
-library=v850e3v5\libmalloc.lib
-list=DefaultBuild\test.map
-start=RESET,EIINTTBL/0,.const,.INIT_DSEC.const,.INIT_BSEC.const,.text,.data/00008000,.data.R,.bss,.stack.bss/FEDFC000
-rom=.data=.data.R
-memory=high
-nologo
-end

*** Error information ***

*** Mapping List ***

SECTION                            START      END         SIZE   ALIGN

RESET
                                  00000000  000001f7       1f8   200
EIINTTBL
                                  00000200  0000067f       480   200
.const
                                  00008000  000080dc        dd   4
.INIT_DSEC.const
                                  000080e0  000080eb         c   4
.INIT_BSEC.const
                                  000080ec  000080f3         8   4
.text
                                  000080f4  0000e5b1      64be   2
.data
                                  0000e5b4  0000e67f        cc   4
.data.R
                                  fedfc000  fedfc0cb        cc   4
.bss
                                  fedfc0cc  fedfef33      2e68   4
.stack.bss
                                  fedfef34  fedff133       200   4
